---
source: tests/cli.rs
expression: json
---
[
  {
    "hostname": "host1.example.com",
    "action": "spoof",
    "via": "192.0.2.10",
    "via6": null,
    "enabled": true,
    "folder": null,
    "folder_id": null,
    "order": 1,
    "comment": null
  },
  {
    "hostname": "*.host2.example.com",
    "action": "spoof",
    "via": "192.0.2.10",
    "via6": null,
    "enabled": false,
    "folder": null,
    "folder_id": null,
    "order": 2,
    "comment": null
  },
  {
    "hostname": "*.host3.example.com",
    "action": "spoof",
    "via": "192.0.2.10",
    "via6": null,
    "enabled": true,
    "folder": null,
    "folder_id": null,
    "order": 3,
    "comment": null
  },
  {
    "hostname": "host4.example.com",
    "action": "bypass",
    "via": null,
    "via6": null,
    "enabled": true,
    "folder": null,
    "folder_id": null,
    "order": 5,
    "comment": null
  },
  {
    "hostname": "host5.example.com",
    "action": "bypass",
    "via": null,
    "via6": null,
    "enabled": true,
    "folder": null,
    "folder_id": null,
    "order": 6,
    "comment": null
  },
  {
    "hostname": "host6.example.com",
    "action": "bypass",
    "via": null,
    "via6": null,
    "enabled": true,
    "folder": null,
    "folder_id": null,
    "order": 7,
    "comment": null
  },
  {
    "hostname": "host7.example.com",
    "action": "bypass",
    "via": null,
    "via6": null,
    "enabled": true,
    "folder": null,
    "folder_id": null,
    "order": 8,
    "comment": null
  },
  {
    "hostname": "host8.example.com",
    "action": "bypass",
    "via": null,
    "via6": null,
    "enabled": true,
    "folder": null,
    "folder_id": null,
    "order": 9,
    "comment": null
  }
]
